D1	D2	D3	M1	M2	M3
d	c	w	1	4	3
e	b	b	4	3	3
g	y	k	2	0	0
g	y	k	0	0	1
g	y	k	0	1	0
h	s	y	0	2	2
h	z	h	2	0	1
h	z	h	2	1	3
m	r	d	2	3	2
n	p	r	0	2	0
t	w	i	1	2	1
t	w	i	1	1	2
x	e	c	0	4	0
x	e	c	4	0	1
z	r	i	0	4	0